2026-06-19 11:47:22,939 CRIT Supervisor is running as root.  Privileges were not dropped because no user is specified in the config file.  If you intend to run as root, you can set user=root in the config file to avoid this message.
2026-06-19 11:47:22,940 INFO supervisord started with pid 1
2026-06-19 11:47:23,943 INFO spawned: 'nginx' with pid 7
2026-06-19 11:47:23,946 INFO spawned: 'php-fpm' with pid 8
2026-06-19 11:47:24,985 INFO success: nginx entered RUNNING state, process has stayed up for > than 1 seconds (startsecs)
2026-06-19 11:47:24,985 INFO success: php-fpm entered RUNNING state, process has stayed up for > than 1 seconds (startsecs)
2026-06-19 11:47:52,013 INFO reaped unknown pid 373 (exit status 0)
2026-06-19 11:52:13,290 WARN received SIGQUIT indicating exit request
2026-06-19 11:52:13,292 INFO waiting for nginx, php-fpm to die
2026-06-19 11:52:13,297 INFO stopped: php-fpm (exit status 0)
2026-06-19 11:52:13,300 INFO stopped: nginx (exit status 0)
2026-06-19 11:52:14,790 CRIT Supervisor is running as root.  Privileges were not dropped because no user is specified in the config file.  If you intend to run as root, you can set user=root in the config file to avoid this message.
2026-06-19 11:52:14,791 INFO supervisord started with pid 1
2026-06-19 11:52:15,795 INFO spawned: 'nginx' with pid 7
2026-06-19 11:52:15,797 INFO spawned: 'php-fpm' with pid 8
2026-06-19 11:52:16,849 INFO success: nginx entered RUNNING state, process has stayed up for > than 1 seconds (startsecs)
2026-06-19 11:52:16,849 INFO success: php-fpm entered RUNNING state, process has stayed up for > than 1 seconds (startsecs)
2026-06-19 11:53:36,936 WARN received SIGQUIT indicating exit request
2026-06-19 11:53:36,936 INFO waiting for nginx, php-fpm to die
2026-06-19 11:53:36,945 INFO stopped: php-fpm (exit status 0)
2026-06-19 11:53:36,952 INFO stopped: nginx (exit status 0)
2026-06-19 12:14:09,258 CRIT Supervisor is running as root.  Privileges were not dropped because no user is specified in the config file.  If you intend to run as root, you can set user=root in the config file to avoid this message.
2026-06-19 12:14:09,259 INFO supervisord started with pid 1
2026-06-19 12:14:10,262 INFO spawned: 'nginx' with pid 7
2026-06-19 12:14:10,263 INFO spawned: 'php-fpm' with pid 8
2026-06-19 12:14:11,320 INFO success: nginx entered RUNNING state, process has stayed up for > than 1 seconds (startsecs)
2026-06-19 12:14:11,321 INFO success: php-fpm entered RUNNING state, process has stayed up for > than 1 seconds (startsecs)
2026-06-19 12:19:41,570 WARN received SIGQUIT indicating exit request
2026-06-19 12:19:41,571 INFO waiting for nginx, php-fpm to die
2026-06-19 12:19:41,577 INFO stopped: php-fpm (exit status 0)
2026-06-19 12:19:41,581 INFO stopped: nginx (exit status 0)
2026-06-19 12:19:46,274 CRIT Supervisor is running as root.  Privileges were not dropped because no user is specified in the config file.  If you intend to run as root, you can set user=root in the config file to avoid this message.
2026-06-19 12:19:46,275 INFO supervisord started with pid 1
2026-06-19 12:19:47,278 INFO spawned: 'nginx' with pid 7
2026-06-19 12:19:47,280 INFO spawned: 'php-fpm' with pid 8
2026-06-19 12:19:48,311 INFO success: nginx entered RUNNING state, process has stayed up for > than 1 seconds (startsecs)
2026-06-19 12:19:48,311 INFO success: php-fpm entered RUNNING state, process has stayed up for > than 1 seconds (startsecs)
2026-06-19 12:20:13,193 WARN received SIGQUIT indicating exit request
2026-06-19 12:20:13,193 INFO waiting for nginx, php-fpm to die
2026-06-19 12:20:13,210 INFO stopped: php-fpm (exit status 0)
2026-06-19 12:20:13,219 INFO stopped: nginx (exit status 0)
2026-06-19 12:21:34,837 CRIT Supervisor is running as root.  Privileges were not dropped because no user is specified in the config file.  If you intend to run as root, you can set user=root in the config file to avoid this message.
2026-06-19 12:21:34,838 INFO supervisord started with pid 1
2026-06-19 12:21:35,841 INFO spawned: 'nginx' with pid 7
2026-06-19 12:21:35,845 INFO spawned: 'php-fpm' with pid 8
2026-06-19 12:21:36,891 INFO success: nginx entered RUNNING state, process has stayed up for > than 1 seconds (startsecs)
2026-06-19 12:21:36,891 INFO success: php-fpm entered RUNNING state, process has stayed up for > than 1 seconds (startsecs)
2026-06-19 12:24:59,420 WARN received SIGQUIT indicating exit request
2026-06-19 12:24:59,421 INFO waiting for nginx, php-fpm to die
2026-06-19 12:24:59,444 INFO stopped: php-fpm (exit status 0)
2026-06-19 12:24:59,453 INFO stopped: nginx (exit status 0)
2026-06-19 12:26:08,284 CRIT Supervisor is running as root.  Privileges were not dropped because no user is specified in the config file.  If you intend to run as root, you can set user=root in the config file to avoid this message.
2026-06-19 12:26:08,285 INFO supervisord started with pid 1
2026-06-19 12:26:09,289 INFO spawned: 'nginx' with pid 7
2026-06-19 12:26:09,292 INFO spawned: 'php-fpm' with pid 8
2026-06-19 12:26:10,347 INFO success: nginx entered RUNNING state, process has stayed up for > than 1 seconds (startsecs)
2026-06-19 12:26:10,347 INFO success: php-fpm entered RUNNING state, process has stayed up for > than 1 seconds (startsecs)
2026-06-19 12:26:35,687 WARN received SIGQUIT indicating exit request
2026-06-19 12:26:35,687 INFO waiting for nginx, php-fpm to die
2026-06-19 12:26:35,712 INFO stopped: php-fpm (exit status 0)
2026-06-19 12:26:35,721 INFO stopped: nginx (exit status 0)
2026-06-19 12:30:20,764 CRIT Supervisor is running as root.  Privileges were not dropped because no user is specified in the config file.  If you intend to run as root, you can set user=root in the config file to avoid this message.
2026-06-19 12:30:20,765 INFO supervisord started with pid 1
2026-06-19 12:30:21,769 INFO spawned: 'nginx' with pid 7
2026-06-19 12:30:21,772 INFO spawned: 'php-fpm' with pid 8
2026-06-19 12:30:22,832 INFO success: nginx entered RUNNING state, process has stayed up for > than 1 seconds (startsecs)
2026-06-19 12:30:22,832 INFO success: php-fpm entered RUNNING state, process has stayed up for > than 1 seconds (startsecs)
2026-06-19 12:32:09,368 WARN received SIGQUIT indicating exit request
2026-06-19 12:32:09,368 INFO waiting for nginx, php-fpm to die
2026-06-19 12:32:09,379 INFO stopped: php-fpm (exit status 0)
2026-06-19 12:32:09,387 INFO stopped: nginx (exit status 0)
2026-06-19 12:32:10,628 CRIT Supervisor is running as root.  Privileges were not dropped because no user is specified in the config file.  If you intend to run as root, you can set user=root in the config file to avoid this message.
2026-06-19 12:32:10,629 INFO supervisord started with pid 1
2026-06-19 12:32:11,632 INFO spawned: 'nginx' with pid 9
2026-06-19 12:32:11,634 INFO spawned: 'php-fpm' with pid 10
2026-06-19 12:32:12,664 INFO success: nginx entered RUNNING state, process has stayed up for > than 1 seconds (startsecs)
2026-06-19 12:32:12,664 INFO success: php-fpm entered RUNNING state, process has stayed up for > than 1 seconds (startsecs)
2026-06-19 12:33:54,517 WARN received SIGQUIT indicating exit request
2026-06-19 12:33:54,517 INFO waiting for nginx, php-fpm to die
2026-06-19 12:33:54,524 INFO stopped: php-fpm (exit status 0)
2026-06-19 12:33:54,529 INFO stopped: nginx (exit status 0)
2026-06-19 12:33:55,864 CRIT Supervisor is running as root.  Privileges were not dropped because no user is specified in the config file.  If you intend to run as root, you can set user=root in the config file to avoid this message.
2026-06-19 12:33:55,866 INFO supervisord started with pid 1
2026-06-19 12:33:56,868 INFO spawned: 'nginx' with pid 9
2026-06-19 12:33:56,869 INFO spawned: 'php-fpm' with pid 10
2026-06-19 12:33:57,901 INFO success: nginx entered RUNNING state, process has stayed up for > than 1 seconds (startsecs)
2026-06-19 12:33:57,901 INFO success: php-fpm entered RUNNING state, process has stayed up for > than 1 seconds (startsecs)
2026-06-19 12:38:28,409 WARN received SIGQUIT indicating exit request
2026-06-19 12:38:28,409 INFO waiting for nginx, php-fpm to die
2026-06-19 12:38:28,424 INFO stopped: php-fpm (exit status 0)
2026-06-19 12:38:28,431 INFO stopped: nginx (exit status 0)
2026-06-19 12:39:35,545 CRIT Supervisor is running as root.  Privileges were not dropped because no user is specified in the config file.  If you intend to run as root, you can set user=root in the config file to avoid this message.
2026-06-19 12:39:35,546 INFO supervisord started with pid 1
2026-06-19 12:39:36,550 INFO spawned: 'nginx' with pid 12
2026-06-19 12:39:36,552 INFO spawned: 'php-fpm' with pid 13
2026-06-19 12:39:37,597 INFO success: nginx entered RUNNING state, process has stayed up for > than 1 seconds (startsecs)
2026-06-19 12:39:37,598 INFO success: php-fpm entered RUNNING state, process has stayed up for > than 1 seconds (startsecs)
